ARM Linker, 5.02 [Build 28] [MDK-ARM Standard]

==============================================================================

Section Cross References

    startup_stm32f10x_md.o(STACK) refers (Special) to heapauxi.o(.text) for __use_two_region_memory
    startup_stm32f10x_md.o(HEAP) refers (Special) to heapauxi.o(.text) for __use_two_region_memory
    startup_stm32f10x_md.o(RESET) refers (Special) to heapauxi.o(.text) for __use_two_region_memory
    startup_stm32f10x_md.o(RESET) refers to startup_stm32f10x_md.o(STACK) for __initial_sp
    startup_stm32f10x_md.o(RESET) refers to startup_stm32f10x_md.o(.text) for Reset_Handler
    startup_stm32f10x_md.o(RESET) refers to os_cpu_a.o(.text) for OS_CPU_PendSVHandler
    startup_stm32f10x_md.o(RESET) refers to bsp.o(.text) for SysTick_Handler
    startup_stm32f10x_md.o(RESET) refers to exti.o(.text) for EXTI9_5_IRQHandler
    startup_stm32f10x_md.o(.text) refers (Special) to heapauxi.o(.text) for __use_two_region_memory
    startup_stm32f10x_md.o(.text) refers to system_stm32f10x.o(.text) for SystemInit
    startup_stm32f10x_md.o(.text) refers to __main.o(!!!main) for __main
    startup_stm32f10x_md.o(.text) refers to startup_stm32f10x_md.o(HEAP) for Heap_Mem
    startup_stm32f10x_md.o(.text) refers to startup_stm32f10x_md.o(STACK) for Stack_Mem
    os_core.o(.text) refers to os_cpu_a.o(.text) for OS_CPU_SR_Save
    os_core.o(.text) refers to os_core.o(.data) for OSIntNesting
    os_core.o(.text) refers to os_core.o(.constdata) for OSUnMapTbl
    os_core.o(.text) refers to os_core.o(.bss) for OSTCBPrioTbl
    os_core.o(.text) refers to os_cpu_c.o(.text) for OSTaskIdleHook
    os_core.o(.text) refers to os_task.o(.text) for OSTaskCreateExt
    os_core.o(.text) refers to os_q.o(.text) for OS_QInit
    os_mbox.o(.text) refers to os_cpu_a.o(.text) for OS_CPU_SR_Save
    os_mbox.o(.text) refers to os_core.o(.text) for OS_EventWaitListInit
    os_mbox.o(.text) refers to os_core.o(.data) for OSIntNesting
    os_q.o(.text) refers to os_cpu_a.o(.text) for OS_CPU_SR_Save
    os_q.o(.text) refers to os_core.o(.text) for OS_EventWaitListInit
    os_q.o(.text) refers to os_core.o(.data) for OSIntNesting
    os_q.o(.text) refers to os_core.o(.bss) for OSQTbl
    os_sem.o(.text) refers to os_cpu_a.o(.text) for OS_CPU_SR_Save
    os_sem.o(.text) refers to os_core.o(.text) for OS_EventWaitListInit
    os_sem.o(.text) refers to os_core.o(.data) for OSIntNesting
    os_task.o(.text) refers to os_cpu_a.o(.text) for OS_CPU_SR_Save
    os_task.o(.text) refers to os_core.o(.text) for OS_Sched
    os_task.o(.text) refers to os_cpu_c.o(.text) for OSTaskStkInit
    os_task.o(.text) refers to os_core.o(.bss) for OSTCBPrioTbl
    os_task.o(.text) refers to os_core.o(.data) for OSTCBCur
    os_time.o(.text) refers to os_cpu_a.o(.text) for OS_CPU_SR_Save
    os_time.o(.text) refers to os_core.o(.text) for OS_Sched
    os_time.o(.text) refers to os_core.o(.data) for OSIntNesting
    os_time.o(.text) refers to os_core.o(.bss) for OSTCBPrioTbl
    app.o(.text) refers to main_ui.o(.text) for Show_Main
    app.o(.text) refers to led.o(.text) for Led_Off
    app.o(.text) refers to os_task.o(.text) for OSTaskSuspend
    app.o(.text) refers to os_time.o(.text) for OSTimeDlyHMSM
    app.o(.text) refers to adc.o(.text) for Get_ADC
    app.o(.text) refers to fflt_clz.o(x$fpl$fflt) for __aeabi_i2f
    app.o(.text) refers to f2d.o(x$fpl$f2d) for __aeabi_f2d
    app.o(.text) refers to ddiv.o(x$fpl$ddiv) for __aeabi_ddiv
    app.o(.text) refers to dfixu.o(x$fpl$dfixu) for __aeabi_d2uiz
    app.o(.text) refers to motor.o(.text) for Motor_On
    app.o(.text) refers to dflt_clz.o(x$fpl$dfltu) for __aeabi_ui2d
    app.o(.text) refers to dmul.o(x$fpl$dmul) for __aeabi_dmul
    app.o(.text) refers to deqf.o(x$fpl$deqf) for __aeabi_cdcmpeq
    app.o(.text) refers to prog.o(.text) for LCD_DrawProg
    app.o(.text) refers to lcd.o(.text) for Get_Color
    app.o(.text) refers to os_sem.o(.text) for OSSemPend
    app.o(.text) refers to exti.o(.text) for Exti_Set
    app.o(.text) refers to os_cpu_a.o(.text) for OS_CPU_SR_Save
    app.o(.text) refers to touch.o(.text) for Read_XY_2
    app.o(.text) refers to app.o(.data) for VALUE1
    app.o(.text) refers to main_ui.o(.data) for prog2
    app.o(.text) refers to main.o(.data) for cursor
    app.o(.text) refers to main.o(.bss) for touch
    app.o(.text) refers to edit.o(.text) for LCD_DrawEdit
    app.o(.text) refers to cursor.o(.text) for Set_Cursor
    app.o(.text) refers to button.o(.text) for LCD_DrawButton
    app.o(.text) refers to keymap.o(.text) for Show_KeyMap
    app.o(.text) refers to keymap.o(.data) for input
    main.o(.text) refers to bsp.o(.text) for BSP_Init
    main.o(.text) refers to os_sem.o(.text) for OSSemCreate
    main.o(.text) refers to os_core.o(.text) for OSInit
    main.o(.text) refers to os_task.o(.text) for OSTaskCreate
[...]
    libinit2.o(.ARM.Collect$$libinit$$00000024) refers to argv_veneer.o(.emb_text) for __ARM_argv_veneer
    libinit2.o(.ARM.Collect$$libinit$$00000025) refers to argv_veneer.o(.emb_text) for __ARM_argv_veneer
    rtexit2.o(.ARM.Collect$$rtexit$$00000003) refers to libshutdown.o(.ARM.Collect$$libshutdown$$00000000) for __rt_lib_shutdown
    rtexit2.o(.ARM.Collect$$rtexit$$00000004) refers to sys_exit.o(.text) for _sys_exit
    rtexit2.o(.ARM.exidx) refers to rtexit2.o(.ARM.Collect$$rtexit$$00000001) for .ARM.Collect$$rtexit$$00000001
    rtexit2.o(.ARM.exidx) refers to rtexit2.o(.ARM.Collect$$rtexit$$00000003) for .ARM.Collect$$rtexit$$00000003
    rtexit2.o(.ARM.exidx) refers to rtexit2.o(.ARM.Collect$$rtexit$$00000004) for .ARM.Collect$$rtexit$$00000004
    argv_veneer.o(.emb_text) refers to no_argv.o(.text) for __ARM_get_argv
    sys_exit.o(.text) refers (Special) to use_no_semi.o(.text) for __I$use$semihosting
    sys_exit.o(.text) refers (Special) to indicate_semi.o(.text) for __semihosting_library_function
    _get_argv_nomalloc.o(.text) refers (Special) to hrguard.o(.text) for __heap_region$guard
    _get_argv_nomalloc.o(.text) refers to defsig_rtmem_outer.o(.text) for __rt_SIGRTMEM
    _get_argv_nomalloc.o(.text) refers to sys_command.o(.text) for _sys_command_string
    libshutdown.o(.ARM.Collect$$libshutdown$$00000000) refers (Special) to libshutdown2.o(.ARM.Collect$$libshutdown$$00000006) for __rt_lib_shutdown_fp_trap_1
    libshutdown.o(.ARM.Collect$$libshutdown$$00000000) refers (Special) to libshutdown2.o(.ARM.Collect$$libshutdown$$0000000E) for __rt_lib_shutdown_heap_1
    libshutdown.o(.ARM.Collect$$libshutdown$$00000000) refers (Special) to libshutdown2.o(.ARM.Collect$$libshutdown$$0000000F) for __rt_lib_shutdown_return
    libshutdown.o(.ARM.Collect$$libshutdown$$00000000) refers (Special) to libshutdown2.o(.ARM.Collect$$libshutdown$$00000009) for __rt_lib_shutdown_signal_1
    libshutdown.o(.ARM.Collect$$libshutdown$$00000000) refers (Special) to libshutdown2.o(.ARM.Collect$$libshutdown$$00000003) for __rt_lib_shutdown_stdio_1
    libshutdown.o(.ARM.Collect$$libshutdown$$00000000) refers (Special) to libshutdown2.o(.ARM.Collect$$libshutdown$$0000000B) for __rt_lib_shutdown_user_alloc_1
    sys_command.o(.text) refers (Special) to use_no_semi.o(.text) for __I$use$semihosting
    sys_command.o(.text) refers (Special) to indicate_semi.o(.text) for __semihosting_library_function
    defsig_rtmem_outer.o(.text) refers to defsig_rtmem_inner.o(.text) for __rt_SIGRTMEM_inner
    defsig_rtmem_outer.o(.text) refers to defsig_exit.o(.text) for __sig_exit
    defsig_rtmem_formal.o(.text) refers to rt_raise.o(.text) for __rt_raise
    rt_raise.o(.text) refers to __raise.o(.text) for __raise
    rt_raise.o(.text) refers to sys_exit.o(.text) for _sys_exit
    defsig_exit.o(.text) refers to sys_exit.o(.text) for _sys_exit
    defsig_rtmem_inner.o(.text) refers to defsig_general.o(.text) for __default_signal_display
    __raise.o(.text) refers to defsig.o(CL$$defsig) for __default_signal_handler
    defsig_general.o(.text) refers to sys_wrch.o(.text) for _ttywrch
    sys_wrch.o(.text) refers (Special) to use_no_semi.o(.text) for __I$use$semihosting
    sys_wrch.o(.text) refers (Special) to indicate_semi.o(.text) for __semihosting_library_function
    defsig.o(CL$$defsig) refers to defsig_rtmem_inner.o(.text) for __rt_SIGRTMEM_inner
    defsig_abrt_inner.o(.text) refers to defsig_general.o(.text) for __default_signal_display
    defsig_fpe_inner.o(.text) refers to defsig_general.o(.text) for __default_signal_display
    defsig_rtred_inner.o(.text) refers to defsig_general.o(.text) for __default_signal_display
    defsig_stak_inner.o(.text) refers to defsig_general.o(.text) for __default_signal_display
    defsig_pvfn_inner.o(.text) refers to defsig_general.o(.text) for __default_signal_display
    defsig_cppl_inner.o(.text) refers to defsig_general.o(.text) for __default_signal_display
    defsig_segv_inner.o(.text) refers to defsig_general.o(.text) for __default_signal_display
    defsig_other.o(.text) refers to defsig_general.o(.text) for __default_signal_display


==============================================================================

Removing Unused input sections from the image.

    Removing os_mbox.o(.text), (1088 bytes).
    Removing os_dbg.o(.constdata), (2 bytes).
    Removing core_cm3.o(.emb_text), (32 bytes).

3 unused section(s) (total 1122 bytes) removed from the image.

==============================================================================

Image Symbol Table

    Local Symbols

    Symbol Name                              Value     Ov Type        Size  Object(Section)

    ../clib/angel/boardlib.s                 0x00000000   Number         0  boardinit2.o ABSOLUTE
    ../clib/angel/boardlib.s                 0x00000000   Number         0  boardinit3.o ABSOLUTE
    ../clib/angel/boardlib.s                 0x00000000   Number         0  boardshut.o ABSOLUTE
    ../clib/angel/boardlib.s                 0x00000000   Number         0  boardinit1.o ABSOLUTE
    ../clib/angel/dczerorl2.s                0x00000000   Number         0  __dczerorl2.o ABSOLUTE
    ../clib/angel/handlers.s                 0x00000000   Number         0  __scatter_zi.o ABSOLUTE
    ../clib/angel/kernel.s                   0x00000000   Number         0  rtentry4.o ABSOLUTE
    ../clib/angel/kernel.s                   0x00000000   Number         0  rtentry2.o ABSOLUTE
    ../clib/angel/kernel.s                   0x00000000   Number         0  rtexit2.o ABSOLUTE
    ../clib/angel/kernel.s                   0x00000000   Number         0  rtentry.o ABSOLUTE
    ../clib/angel/kernel.s                   0x00000000   Number         0  rtexit.o ABSOLUTE
    ../clib/angel/rt.s                       0x00000000   Number         0  rt_raise.o ABSOLUTE
    ../clib/angel/scatter.s                  0x00000000   Number         0  __scatter.o ABSOLUTE
    ../clib/angel/startup.s                  0x00000000   Number         0  __main.o ABSOLUTE
    ../clib/angel/sys.s                      0x00000000   Number         0  libspace.o ABSOLUTE
    ../clib/angel/sys.s                      0x00000000   Number         0  use_no_semi.o ABSOLUTE
    ../clib/angel/sys.s                      0x00000000   Number         0  sys_stackheap_outer.o ABSOLUTE
    ../clib/angel/sys.s                      0x00000000   Number         0  indicate_semi.o ABSOLUTE
    ../clib/angel/sysapp.c                   0x00000000   Number         0  sys_command.o ABSOLUTE
    ../clib/angel/sysapp.c                   0x00000000   Number         0  sys_exit.o ABSOLUTE
    ../clib/angel/sysapp.c                   0x00000000   Number         0  sys_wrch.o ABSOLUTE
    ../clib/armsys.c                         0x00000000   Number         0  argv_veneer.o ABSOLUTE
    ../clib/armsys.c                         0x00000000   Number         0  argv_veneer.o ABSOLUTE
    ../clib/armsys.c                         0x00000000   Number         0  _get_argv_nomalloc.o ABSOLUTE
    ../clib/armsys.c                         0x00000000   Number         0  no_argv.o ABSOLUTE
    ../clib/heapalloc.c                      0x00000000   Number         0  hrguard.o ABSOLUTE
    ../clib/heapaux.c                        0x00000000   Number         0  heapauxi.o ABSOLUTE
    ../clib/libinit.s                        0x00000000   Number         0  libshutdown2.o ABSOLUTE
    ../clib/libinit.s                        0x00000000   Number         0  libinit2.o ABSOLUTE
    ../clib/libinit.s                        0x00000000   Number         0  libinit.o ABSOLUTE
    ../clib/libinit.s                        0x00000000   Number         0  libshutdown.o ABSOLUTE
    ../clib/signal.c                         0x00000000   Number         0  defsig_rtmem_outer.o ABSOLUTE
    ../clib/signal.c                         0x00000000   Number         0  defsig_rtmem_formal.o ABSOLUTE
    ../clib/signal.c                         0x00000000   Number         0  defsig_other.o ABSOLUTE
    ../clib/signal.c                         0x00000000   Number         0  defsig_segv_inner.o ABSOLUTE
    ../clib/signal.c                         0x00000000   Number         0  defsig_cppl_inner.o ABSOLUTE
    ../clib/signal.c                         0x00000000   Number         0  defsig_stak_inner.o ABSOLUTE
    ../clib/signal.c                         0x00000000   Number         0  defsig_rtred_inner.o ABSOLUTE
    ../clib/signal.c                         0x00000000   Number         0  defsig_fpe_inner.o ABSOLUTE
    ../clib/signal.c                         0x00000000   Number         0  defsig_abrt_inner.o ABSOLUTE
    ../clib/signal.c                         0x00000000   Number         0  defsig_pvfn_inner.o ABSOLUTE
    ../clib/signal.c                         0x00000000   Number         0  defsig_general.o ABSOLUTE
    ../clib/signal.c                         0x00000000   Number         0  __raise.o ABSOLUTE
    ../clib/signal.c                         0x00000000   Number         0  defsig_rtmem_inner.o ABSOLUTE
    ../clib/signal.c                         0x00000000   Number         0  defsig_exit.o ABSOLUTE
    ../clib/signal.s                         0x00000000   Number         0  defsig.o ABSOLUTE
    ../clib/stdlib.c                         0x00000000   Number         0  exit.o ABSOLUTE
    ../fplib/dcmpi.s                         0x00000000   Number         0  dcmpi.o ABSOLUTE
    ../fplib/ddiv.s                          0x00000000   Number         0  ddiv.o ABSOLUTE
    ../fplib/deqf.s                          0x00000000   Number         0  deqf.o ABSOLUTE
    ../fplib/dfixu.s                         0x00000000   Number         0  dfixu.o ABSOLUTE
    ../fplib/dflt.s                          0x00000000   Number         0  dflt_clz.o ABSOLUTE
    ../fplib/dleqf.s                         0x00000000   Number         0  dleqf.o ABSOLUTE
    ../fplib/dmul.s                          0x00000000   Number         0  dmul.o ABSOLUTE
    ../fplib/dnaninf.s                       0x00000000   Number         0  dnaninf.o ABSOLUTE
    ../fplib/dretinf.s                       0x00000000   Number         0  dretinf.o ABSOLUTE
    ../fplib/f2d.s                           0x00000000   Number         0  f2d.o ABSOLUTE
    ../fplib/ffixu.s                         0x00000000   Number         0  ffixu.o ABSOLUTE
    ../fplib/fflt.s                          0x00000000   Number         0  fflt_clz.o ABSOLUTE
    ../fplib/fmul.s                          0x00000000   Number         0  fmul.o ABSOLUTE
    ../fplib/fnaninf.s                       0x00000000   Number         0  fnaninf.o ABSOLUTE
    ../fplib/fpinit.s                        0x00000000   Number         0  fpinit.o ABSOLUTE
    ../fplib/fretinf.s                       0x00000000   Number         0  fretinf.o ABSOLUTE
    ../fplib/usenofp.s                       0x00000000   Number         0  usenofp.o ABSOLUTE
    adc\adc.c                                0x00000000   Number         0  adc.o ABSOLUTE
    app\app.c                                0x00000000   Number         0  app.o ABSOLUTE
    app\delay.c                              0x00000000   Number         0  delay.o ABSOLUTE
    app\main.c                               0x00000000   Number         0  main.o ABSOLUTE
    beep\beep.c                              0x00000000   Number         0  beep.o ABSOLUTE
    bsp\bsp.c                                0x00000000   Number         0  bsp.o ABSOLUTE
    cmsis\\core_cm3.c                        0x00000000   Number         0  core_cm3.o ABSOLUTE
    cmsis\core_cm3.c                         0x00000000   Number         0  core_cm3.o ABSOLUTE
    dc.s                                     0x00000000   Number         0  dc.o ABSOLUTE
    driver\misc.c                            0x00000000   Number         0  misc.o ABSOLUTE
    driver\stm32f10x_exti.c                  0x00000000   Number         0  stm32f10x_exti.o ABSOLUTE
    driver\stm32f10x_gpio.c                  0x00000000   Number         0  stm32f10x_gpio.o ABSOLUTE
    driver\stm32f10x_rcc.c                   0x00000000   Number         0  stm32f10x_rcc.o ABSOLUTE
    driver\system_stm32f10x.c                0x00000000   Number         0  system_stm32f10x.o ABSOLUTE
    exti\exti.c                              0x00000000   Number         0  exti.o ABSOLUTE
    lcd\lcd.c                                0x00000000   Number         0  lcd.o ABSOLUTE
    led\led.c                                0x00000000   Number         0  led.o ABSOLUTE
    motor\motor.c                            0x00000000   Number         0  motor.o ABSOLUTE
    os\os_core.c                             0x00000000   Number         0  os_core.o ABSOLUTE
    os\os_flag.c                             0x00000000   Number         0  os_flag.o ABSOLUTE
    os\os_mbox.c                             0x00000000   Number         0  os_mbox.o ABSOLUTE
    os\os_mem.c                              0x00000000   Number         0  os_mem.o ABSOLUTE
    os\os_mutex.c                            0x00000000   Number         0  os_mutex.o ABSOLUTE
    os\os_q.c                                0x00000000   Number         0  os_q.o ABSOLUTE
    os\os_sem.c                              0x00000000   Number         0  os_sem.o ABSOLUTE
    os\os_task.c                             0x00000000   Number         0  os_task.o ABSOLUTE
    os\os_time.c                             0x00000000   Number         0  os_time.o ABSOLUTE
    os\os_tmr.c                              0x00000000   Number         0  os_tmr.o ABSOLUTE
    ports\os_cpu_a.asm                       0x00000000   Number         0  os_cpu_a.o ABSOLUTE
    ports\os_cpu_c.c                         0x00000000   Number         0  os_cpu_c.o ABSOLUTE
    ports\os_dbg.c                           0x00000000   Number         0  os_dbg.o ABSOLUTE
    startup\startup_stm32f10x_md.s           0x00000000   Number         0  startup_stm32f10x_md.o ABSOLUTE
    touch\touch.c                            0x00000000   Number         0  touch.o ABSOLUTE
    ui\base.c                                0x00000000   Number         0  base.o ABSOLUTE
    ui\button.c                              0x00000000   Number         0  button.o ABSOLUTE
    ui\cursor.c                              0x00000000   Number         0  cursor.o ABSOLUTE
    ui\edit.c                                0x00000000   Number         0  edit.o ABSOLUTE
    ui\keymap.c                              0x00000000   Number         0  keymap.o ABSOLUTE
    ui\main_ui.c                             0x00000000   Number         0  main_ui.o ABSOLUTE
    ui\prog.c                                0x00000000   Number         0  prog.o ABSOLUTE
    ui\text.c                                0x00000000   Number         0  text.o ABSOLUTE
    ui\title.c                               0x00000000   Number         0  title.o ABSOLUTE
    RESET                                    0x08000000   Section      236  startup_stm32f10x_md.o(RESET)
    !!!main                                  0x080000ec   Section        8  __main.o(!!!main)
    !!!scatter                               0x080000f4   Section       52  __scatter.o(!!!scatter)
    !!dczerorl2                              0x08000128   Section       90  __dczerorl2.o(!!dczerorl2)
    !!handler_zi                             0x08000184   Section       28  __scatter_zi.o(!!handler_zi)
    .ARM.Collect$$libinit$$00000000          0x080001a0   Section        2  libinit.o(.ARM.Collect$$libinit$$00000000)
    .ARM.Collect$$libinit$$00000002          0x080001a2   Section        0  libinit2.o(.ARM.Collect$$libinit$$00000002)
    .ARM.Collect$$libinit$$00000008          0x080001a2   Section        0  libinit2.o(.ARM.Collect$$libinit$$00000008)
    .ARM.Collect$$libinit$$0000000A          0x080001a2   Section        0  libinit2.o(.ARM.Collect$$libinit$$0000000A)
    .ARM.Collect$$libinit$$0000000C          0x080001a2   Section        0  libinit2.o(.ARM.Collect$$libinit$$0000000C)
    .ARM.Collect$$libinit$$0000000F          0x080001a2   Section        0  libinit2.o(.ARM.Collect$$libinit$$0000000F)
    .ARM.Collect$$libinit$$00000011          0x080001a2   Section        0  libinit2.o(.ARM.Collect$$libinit$$00000011)
    .ARM.Collect$$libinit$$00000013          0x080001a2   Section        0  libinit2.o(.ARM.Collect$$libinit$$00000013)
    .ARM.Collect$$libinit$$00000015          0x080001a2   Section        0  libinit2.o(.ARM.Collect$$libinit$$00000015)
    .ARM.Collect$$libinit$$00000017          0x080001a2   Section        0  libinit2.o(.ARM.Collect$$libinit$$00000017)
    .ARM.Collect$$libinit$$00000019          0x080001a2   Section        0  libinit2.o(.ARM.Collect$$libinit$$00000019)
    .ARM.Collect$$libinit$$0000001B          0x080001a2   Section        0  libinit2.o(.ARM.Collect$$libinit$$0000001B)
    .ARM.Collect$$libinit$$0000001D          0x080001a2   Section        0  libinit2.o(.ARM.Collect$$libinit$$0000001D)
    .ARM.Collect$$libinit$$0000001F          0x080001a2   Section        0  libinit2.o(.ARM.Collect$$libinit$$0000001F)
    .ARM.Collect$$libinit$$00000021          0x080001a2   Section        0  libinit2.o(.ARM.Collect$$libinit$$00000021)
    .ARM.Collect$$libinit$$00000023          0x080001a2   Section        0  libinit2.o(.ARM.Collect$$libinit$$00000023)
    .ARM.Collect$$libinit$$0000002A          0x080001a2   Section        0  libinit2.o(.ARM.Collect$$libinit$$0000002A)
    .ARM.Collect$$libinit$$0000002C          0x080001a2   Section        0  libinit2.o(.ARM.Collect$$libinit$$0000002C)
    .ARM.Collect$$libinit$$0000002E          0x080001a2   Section        0  libinit2.o(.ARM.Collect$$libinit$$0000002E)
    .ARM.Collect$$libinit$$00000030          0x080001a2   Section        0  libinit2.o(.ARM.Collect$$libinit$$00000030)
    .ARM.Collect$$libinit$$00000031          0x080001a2   Section        2  libinit2.o(.ARM.Collect$$libinit$$00000031)
    .ARM.Collect$$libshutdown$$00000000      0x080001a4   Section        2  libshutdown.o(.ARM.Collect$$libshutdown$$00000000)
    .ARM.Collect$$libshutdown$$00000003      0x080001a6   Section        0  libshutdown2.o(.ARM.Collect$$libshutdown$$00000003)
    .ARM.Collect$$libshutdown$$00000006      0x080001a6   Section        0  libshutdown2.o(.ARM.Collect$$libshutdown$$00000006)
    .ARM.Collect$$libshutdown$$00000009      0x080001a6   Section        0  libshutdown2.o(.ARM.Collect$$libshutdown$$00000009)
    .ARM.Collect$$libshutdown$$0000000B      0x080001a6   Section        0  libshutdown2.o(.ARM.Collect$$libshutdown$$0000000B)
    .ARM.Collect$$libshutdown$$0000000E      0x080001a6   Section        0  libshutdown2.o(.ARM.Collect$$libshutdown$$0000000E)
    .ARM.Collect$$libshutdown$$0000000F      0x080001a6   Section        2  libshutdown2.o(.ARM.Collect$$libshutdown$$0000000F)
    .ARM.Collect$$rtentry$$00000000          0x080001a8   Section        0  rtentry.o(.ARM.Collect$$rtentry$$00000000)
    .ARM.Collect$$rtentry$$00000002          0x080001a8   Section        0  rtentry2.o(.ARM.Collect$$rtentry$$00000002)
    .ARM.Collect$$rtentry$$00000004          0x080001a8   Section        6  rtentry4.o(.ARM.Collect$$rtentry$$00000004)
    .ARM.Collect$$rtentry$$00000009          0x080001ae   Section        0  rtentry2.o(.ARM.Collect$$rtentry$$00000009)
    .ARM.Collect$$rtentry$$0000000A          0x080001ae   Section        4  rtentry2.o(.ARM.Collect$$rtentry$$0000000A)
    .ARM.Collect$$rtentry$$0000000C          0x080001b2   Section        0  rtentry2.o(.ARM.Collect$$rtentry$$0000000C)
    .ARM.Collect$$rtentry$$0000000D          0x080001b2   Section        8  rtentry2.o(.ARM.Collect$$rtentry$$0000000D)
    .ARM.Collect$$rtexit$$00000000           0x080001ba   Section        2  rtexit.o(.ARM.Collect$$rtexit$$00000000)
    .ARM.Collect$$rtexit$$00000002           0x080001bc   Section        0  rtexit2.o(.ARM.Collect$$rtexit$$00000002)
    .ARM.Collect$$rtexit$$00000003           0x080001bc   Section        4  rtexit2.o(.ARM.Collect$$rtexit$$00000003)
    .ARM.Collect$$rtexit$$00000004           0x080001c0   Section        6  rtexit2.o(.ARM.Collect$$rtexit$$00000004)
    .text                                    0x080001c8   Section       64  startup_stm32f10x_md.o(.text)
    .text                                    0x08000208   Section        0  os_core.o(.text)
    OS_SchedNew                              0x0800033d   Thumb Code    26  os_core.o(.text)
    OS_InitTaskIdle                          0x08000757   Thumb Code    52  os_core.o(.text)
    OS_InitEventList                         0x0800079d   Thumb Code    60  os_core.o(.text)
    OS_InitTCBList                           0x080007d9   Thumb Code    70  os_core.o(.text)
    OS_InitRdyList                           0x0800081f   Thumb Code    46  os_core.o(.text)
    OS_InitMisc                              0x0800084d   Thumb Code    32  os_core.o(.text)
    .text                                    0x08000dec   Section        0  os_q.o(.text)
    .text                                    0x08001440   Section        0  os_sem.o(.text)
    .text                                    0x08001838   Section        0  os_task.o(.text)
    .text                                    0x0800214c   Section        0  os_time.o(.text)
    .text                                    0x08002314   Section        0  app.o(.text)
    .text                                    0x08002a40   Section        0  main.o(.text)
    .text                                    0x08002adc   Section        0  delay.o(.text)
    .text                                    0x08002b14   Section      164  os_cpu_a.o(.text)
    .text                                    0x08002bb8   Section        0  os_cpu_c.o(.text)
    .text                                    0x08002c68   Section        0  bsp.o(.text)
    .text                                    0x08002d64   Section        0  led.o(.text)
    .text                                    0x08002de0   Section        0  stm32f10x_gpio.o(.text)
    .text                                    0x08003138   Section        0  stm32f10x_rcc.o(.text)
    .text                                    0x080034d4   Section        0  system_stm32f10x.o(.text)
    SetSysClockTo72                          0x080034d5   Thumb Code   192  system_stm32f10x.o(.text)
    SetSysClock                              0x08003595   Thumb Code     8  system_stm32f10x.o(.text)
    .text                                    0x0800369c   Section        0  stm32f10x_exti.o(.text)
    .text                                    0x080037b8   Section        0  misc.o(.text)
    .text                                    0x08003894   Section        0  lcd.o(.text)
    .text                                    0x08004158   Section        0  base.o(.text)
    .text                                    0x080041f4   Section        0  button.o(.text)
    .text                                    0x08004280   Section        0  cursor.o(.text)
    .text                                    0x080042a4   Section        0  edit.o(.text)
    .text                                    0x080042ec   Section        0  keymap.o(.text)
    .text                                    0x080045b0   Section        0  main_ui.o(.text)
    .text                                    0x080046f4   Section        0  prog.o(.text)
    .text                                    0x080047a0   Section        0  text.o(.text)
    .text                                    0x080047be   Section        0  title.o(.text)
    .text                                    0x080047f0   Section        0  adc.o(.text)
    .text                                    0x08004970   Section        0  touch.o(.text)
    .text                                    0x08004dc8   Section        0  exti.o(.text)
    .text                                    0x08004e3c   Section        0  motor.o(.text)
    .text                                    0x08004ea0   Section        0  beep.o(.text)
    .text                                    0x08004edc   Section        0  heapauxi.o(.text)
    .text                                    0x08004ee2   Section       74  sys_stackheap_outer.o(.text)
    .text                                    0x08004f2c   Section        0  exit.o(.text)
    .text                                    0x08004f38   Section        8  libspace.o(.text)
    .text                                    0x08004f40   Section        0  sys_exit.o(.text)
    .text                                    0x08004f4c   Section        2  use_no_semi.o(.text)
    .text                                    0x08004f4e   Section        0  indicate_semi.o(.text)
    x$fpl$dcmpinf                            0x08004f4e   Section       24  dcmpi.o(x$fpl$dcmpinf)
    x$fpl$ddiv                               0x08004f68   Section      688  ddiv.o(x$fpl$ddiv)
    ddiv_entry                               0x08004f6f   Thumb Code     0  ddiv.o(x$fpl$ddiv)
    x$fpl$deqf                               0x08005218   Section      120  deqf.o(x$fpl$deqf)
    x$fpl$dfixu                              0x08005290   Section       90  dfixu.o(x$fpl$dfixu)
    x$fpl$dflt                               0x080052ea   Section       46  dflt_clz.o(x$fpl$dflt)
    x$fpl$dfltu                              0x08005318   Section       38  dflt_clz.o(x$fpl$dfltu)
    x$fpl$dleqf                              0x08005340   Section      120  dleqf.o(x$fpl$dleqf)
    x$fpl$dmul                               0x080053b8   Section      340  dmul.o(x$fpl$dmul)
    x$fpl$dnaninf                            0x0800550c   Section      156  dnaninf.o(x$fpl$dnaninf)
    x$fpl$dretinf                            0x080055a8   Section       12  dretinf.o(x$fpl$dretinf)
    x$fpl$f2d                                0x080055b4   Section       86  f2d.o(x$fpl$f2d)
    x$fpl$ffixu                              0x0800560c   Section       62  ffixu.o(x$fpl$ffixu)
    x$fpl$fflt                               0x0800564c   Section       48  fflt_clz.o(x$fpl$fflt)
    x$fpl$fmul                               0x0800567c   Section      258  fmul.o(x$fpl$fmul)
    x$fpl$fnaninf                            0x0800577e   Section      140  fnaninf.o(x$fpl$fnaninf)
    x$fpl$fretinf                            0x0800580a   Section       10  fretinf.o(x$fpl$fretinf)
    .constdata                               0x08005814   Section      256  os_core.o(.constdata)
    x$fpl$usenofp                            0x08005814   Section        0  usenofp.o(x$fpl$usenofp)
    .constdata                               0x08005914   Section     1536  lcd.o(.constdata)
    .constdata                               0x08005f14   Section     1650  keymap.o(.constdata)
    .conststring                             0x08006586   Section       16  keymap.o(.conststring)
    .conststring                             0x08006596   Section      113  main_ui.o(.conststring)
    .data                                    0x20000000   Section       52  os_core.o(.data)
    .data                                    0x20000034   Section        6  app.o(.data)
    .data                                    0x2000003c   Section       10  main.o(.data)
    .data                                    0x20000046   Section       20  stm32f10x_rcc.o(.data)
    APBAHBPrescTable                         0x20000046   Data          16  stm32f10x_rcc.o(.data)
    ADCPrescTable                            0x20000056   Data           4  stm32f10x_rcc.o(.data)
    .data                                    0x2000005c   Section       20  system_stm32f10x.o(.data)
    .data                                    0x20000070   Section       36  lcd.o(.data)
    .data                                    0x20000094   Section       20  keymap.o(.data)
    .data                                    0x200000a8   Section      164  main_ui.o(.data)
    .data                                    0x2000014c   Section        2  touch.o(.data)
    .bss                                     0x20000150   Section     2572  os_core.o(.bss)
    .bss                                     0x20000b5c   Section     1036  main.o(.bss)
    startup_task_stk                         0x20000b5c   Data         128  main.o(.bss)
    input_task_stk                           0x20000bdc   Data         256  main.o(.bss)
    timer_task_stk                           0x20000cdc   Data         128  main.o(.bss)
    cursor_task_stk                          0x20000d5c   Data         128  main.o(.bss)
    adc_task_stk                             0x20000ddc   Data         256  main.o(.bss)
    led_task_stk                             0x20000edc   Data         128  main.o(.bss)
    .bss                                     0x20000f68   Section       96  libspace.o(.bss)
    HEAP                                     0x20000fc8   Section      512  startup_stm32f10x_md.o(HEAP)
    Heap_Mem                                 0x20000fc8   Data         512  startup_stm32f10x_md.o(HEAP)
    STACK                                    0x200011c8   Section     1024  startup_stm32f10x_md.o(STACK)
    Stack_Mem                                0x200011c8   Data        1024  startup_stm32f10x_md.o(STACK)
    __initial_sp                             0x200015c8   Data           0  startup_stm32f10x_md.o(STACK)

    Global Symbols

    Symbol Name                              Value     Ov Type        Size  Object(Section)

    BuildAttributes$$THM_ISAv4$P$D$K$B$S$PE$A:L22UL41UL21$X:L11$S22US41US21$IEEE1$IW$USESV6$~STKCKD$USESV7$~SHL$OSPACE$ROPI$EBA8$UX$STANDARDLIB$REQ8$PRES8$EABIv2 0x00000000   Number         0  anon$$obj.o ABSOLUTE
    __ARM_use_no_argv                        0x00000000   Number         0  main.o ABSOLUTE
    __ARM_exceptions_init                     - Undefined Weak Reference
    __alloca_initialize                       - Undefined Weak Reference
    __cpp_initialize__aeabi_                  - Undefined Weak Reference
    __cxa_finalize                            - Undefined Weak Reference
    __rt_locale                               - Undefined Weak Reference
    __sigvec_lookup                           - Undefined Weak Reference
    _atexit_init                              - Undefined Weak Reference
    _call_atexit_fns                          - Undefined Weak Reference
    _clock_init                               - Undefined Weak Reference
    _fp_trap_init                             - Undefined Weak Reference
    _fp_trap_shutdown                         - Undefined Weak Reference
    _get_lc_collate                           - Undefined Weak Reference
    _get_lc_ctype                             - Undefined Weak Reference
    _get_lc_monetary                          - Undefined Weak Reference
    _get_lc_numeric                           - Undefined Weak Reference
    _get_lc_time                              - Undefined Weak Reference
    _getenv_init                              - Undefined Weak Reference
    _handle_redirection                       - Undefined Weak Reference
    _init_alloc                               - Undefined Weak Reference
    _init_user_alloc                          - Undefined Weak Reference
    _initio                                   - Undefined Weak Reference
    _rand_init                                - Undefined Weak Reference
    _signal_finish                            - Undefined Weak Reference
    _signal_init                              - Undefined Weak Reference
    _terminate_alloc                          - Undefined Weak Reference
    _terminate_user_alloc                     - Undefined Weak Reference
    _terminateio                              - Undefined Weak Reference
    __Vectors_Size                           0x000000ec   Number         0  startup_stm32f10x_md.o ABSOLUTE
    __Vectors                                0x08000000   Data           4  startup_stm32f10x_md.o(RESET)
    __Vectors_End                            0x080000ec   Data           0  startup_stm32f10x_md.o(RESET)
    __main                                   0x080000ed   Thumb Code     8  __main.o(!!!main)
    __scatterload                            0x080000f5   Thumb Code     0  __scatter.o(!!!scatter)
    __scatterload_rt2                        0x080000f5   Thumb Code    44  __scatter.o(!!!scatter)
    __scatterload_rt2_thumb_only             0x080000f5   Thumb Code     0  __scatter.o(!!!scatter)
    __scatterload_null                       0x08000103   Thumb Code     0  __scatter.o(!!!scatter)
    __decompress                             0x08000129   Thumb Code    90  __dczerorl2.o(!!dczerorl2)
    __decompress1                            0x08000129   Thumb Code     0  __dczerorl2.o(!!dczerorl2)
    __scatterload_zeroinit                   0x08000185   Thumb Code    28  __scatter_zi.o(!!handler_zi)
    __rt_lib_init                            0x080001a1   Thumb Code     0  libinit.o(.ARM.Collect$$libinit$$00000000)
    __rt_lib_init_alloca_1                   0x080001a3   Thumb Code     0  libinit2.o(.ARM.Collect$$libinit$$0000002C)
    __rt_lib_init_argv_1                     0x080001a3   Thumb Code     0  libinit2.o(.ARM.Collect$$libinit$$0000002A)
    __rt_lib_init_atexit_1                   0x080001a3   Thumb Code     0  libinit2.o(.ARM.Collect$$libinit$$00000019)
    __rt_lib_init_clock_1                    0x080001a3   Thumb Code     0  libinit2.o(.ARM.Collect$$libinit$$0000001F)
    __rt_lib_init_cpp_1                      0x080001a3   Thumb Code     0  libinit2.o(.ARM.Collect$$libinit$$00000030)
    __rt_lib_init_exceptions_1               0x080001a3   Thumb Code     0  libinit2.o(.ARM.Collect$$libinit$$0000002E)
    __rt_lib_init_fp_1                       0x080001a3   Thumb Code     0  libinit2.o(.ARM.Collect$$libinit$$00000002)
    __rt_lib_init_fp_trap_1                  0x080001a3   Thumb Code     0  libinit2.o(.ARM.Collect$$libinit$$0000001D)
    __rt_lib_init_getenv_1                   0x080001a3   Thumb Code     0  libinit2.o(.ARM.Collect$$libinit$$00000021)
    __rt_lib_init_heap_1                     0x080001a3   Thumb Code     0  libinit2.o(.ARM.Collect$$libinit$$00000008)
    __rt_lib_init_lc_collate_1               0x080001a3   Thumb Code     0  libinit2.o(.ARM.Collect$$libinit$$0000000F)
    __rt_lib_init_lc_ctype_1                 0x080001a3   Thumb Code     0  libinit2.o(.ARM.Collect$$libinit$$00000011)
    __rt_lib_init_lc_monetary_1              0x080001a3   Thumb Code     0  libinit2.o(.ARM.Collect$$libinit$$00000013)
    __rt_lib_init_lc_numeric_1               0x080001a3   Thumb Code     0  libinit2.o(.ARM.Collect$$libinit$$00000015)
    __rt_lib_init_lc_time_1                  0x080001a3   Thumb Code     0  libinit2.o(.ARM.Collect$$libinit$$00000017)
    __rt_lib_init_rand_1                     0x080001a3   Thumb Code     0  libinit2.o(.ARM.Collect$$libinit$$0000000C)
    __rt_lib_init_return                     0x080001a3   Thumb Code     0  libinit2.o(.ARM.Collect$$libinit$$00000031)
    __rt_lib_init_signal_1                   0x080001a3   Thumb Code     0  libinit2.o(.ARM.Collect$$libinit$$0000001B)
    __rt_lib_init_stdio_1                    0x080001a3   Thumb Code     0  libinit2.o(.ARM.Collect$$libinit$$00000023)
    __rt_lib_init_user_alloc_1               0x080001a3   Thumb Code     0  libinit2.o(.ARM.Collect$$libinit$$0000000A)
    __rt_lib_shutdown                        0x080001a5   Thumb Code     0  libshutdown.o(.ARM.Collect$$libshutdown$$00000000)
    __rt_lib_shutdown_fp_trap_1              0x080001a7   Thumb Code     0  libshutdown2.o(.ARM.Collect$$libshutdown$$00000006)
    __rt_lib_shutdown_heap_1                 0x080001a7   Thumb Code     0  libshutdown2.o(.ARM.Collect$$libshutdown$$0000000E)
    __rt_lib_shutdown_return                 0x080001a7   Thumb Code     0  libshutdown2.o(.ARM.Collect$$libshutdown$$0000000F)
    __rt_lib_shutdown_signal_1               0x080001a7   Thumb Code     0  libshutdown2.o(.ARM.Collect$$libshutdown$$00000009)
    __rt_lib_shutdown_stdio_1                0x080001a7   Thumb Code     0  libshutdown2.o(.ARM.Collect$$libshutdown$$00000003)
    __rt_lib_shutdown_user_alloc_1           0x080001a7   Thumb Code     0  libshutdown2.o(.ARM.Collect$$libshutdown$$0000000B)
    __rt_entry                               0x080001a9   Thumb Code     0  rtentry.o(.ARM.Collect$$rtentry$$00000000)
    __rt_entry_presh_1                       0x080001a9   Thumb Code     0  rtentry2.o(.ARM.Collect$$rtentry$$00000002)
    __rt_entry_sh                            0x080001a9   Thumb Code     0  rtentry4.o(.ARM.Collect$$rtentry$$00000004)
    __rt_entry_li                            0x080001af   Thumb Code     0  rtentry2.o(.ARM.Collect$$rtentry$$0000000A)
    __rt_entry_postsh_1                      0x080001af   Thumb Code     0  rtentry2.o(.ARM.Collect$$rtentry$$00000009)
    __rt_entry_main                          0x080001b3   Thumb Code     0  rtentry2.o(.ARM.Collect$$rtentry$$0000000D)
    __rt_entry_postli_1                      0x080001b3   Thumb Code     0  rtentry2.o(.ARM.Collect$$rtentry$$0000000C)
    __rt_exit                                0x080001bb   Thumb Code     0  rtexit.o(.ARM.Collect$$rtexit$$00000000)
    __rt_exit_ls                             0x080001bd   Thumb Code     0  rtexit2.o(.ARM.Collect$$rtexit$$00000003)
    __rt_exit_prels_1                        0x080001bd   Thumb Code     0  rtexit2.o(.ARM.Collect$$rtexit$$00000002)
    __rt_exit_exit                           0x080001c1   Thumb Code     0  rtexit2.o(.ARM.Collect$$rtexit$$00000004)
    Reset_Handler                            0x080001c9   Thumb Code     8  startup_stm32f10x_md.o(.text)
    NMI_Handler                              0x080001d1   Thumb Code     2  startup_stm32f10x_md.o(.text)
    HardFault_Handler                        0x080001d3   Thumb Code     2  startup_stm32f10x_md.o(.text)
    MemManage_Handler                        0x080001d5   Thumb Code     2  startup_stm32f10x_md.o(.text)
    BusFault_Handler                         0x080001d7   Thumb Code     2  startup_stm32f10x_md.o(.text)
    UsageFault_Handler                       0x080001d9   Thumb Code     2  startup_stm32f10x_md.o(.text)
    SVC_Handler                              0x080001db   Thumb Code     2  startup_stm32f10x_md.o(.text)
    DebugMon_Handler                         0x080001dd   Thumb Code     2  startup_stm32f10x_md.o(.text)
    ADC1_2_IRQHandler                        0x080001e3   Thumb Code     0  startup_stm32f10x_md.o(.text)
    CAN1_RX1_IRQHandler                      0x080001e3   Thumb Code     0  startup_stm32f10x_md.o(.text)
    CAN1_SCE_IRQHandler                      0x080001e3   Thumb Code     0  startup_stm32f10x_md.o(.text)
    DMA1_Channel1_IRQHandler                 0x080001e3   Thumb Code     0  startup_stm32f10x_md.o(.text)
    DMA1_Channel2_IRQHandler                 0x080001e3   Thumb Code     0  startup_stm32f10x_md.o(.text)
    DMA1_Channel3_IRQHandler                 0x080001e3   Thumb Code     0  startup_stm32f10x_md.o(.text)
    DMA1_Channel4_IRQHandler                 0x080001e3   Thumb Code     0  startup_stm32f10x_md.o(.text)
    DMA1_Channel5_IRQHandler                 0x080001e3   Thumb Code     0  startup_stm32f10x_md.o(.text)
    DMA1_Channel6_IRQHandler                 0x080001e3   Thumb Code     0  startup_stm32f10x_md.o(.text)
    DMA1_Channel7_IRQHandler                 0x080001e3   Thumb Code     0  startup_stm32f10x_md.o(.text)
    EXTI0_IRQHandler                         0x080001e3   Thumb Code     0  startup_stm32f10x_md.o(.text)
    EXTI15_10_IRQHandler                     0x080001e3   Thumb Code     0  startup_stm32f10x_md.o(.text)
    EXTI1_IRQHandler                         0x080001e3   Thumb Code     0  startup_stm32f10x_md.o(.text)
    EXTI2_IRQHandler                         0x080001e3   Thumb Code     0  startup_stm32f10x_md.o(.text)
    EXTI3_IRQHandler                         0x080001e3   Thumb Code     0  startup_stm32f10x_md.o(.text)
    EXTI4_IRQHandler                         0x080001e3   Thumb Code     0  startup_stm32f10x_md.o(.text)
    FLASH_IRQHandler                         0x080001e3   Thumb Code     0  startup_stm32f10x_md.o(.text)
    I2C1_ER_IRQHandler                       0x080001e3   Thumb Code     0  startup_stm32f10x_md.o(.text)
    I2C1_EV_IRQHandler                       0x080001e3   Thumb Code     0  startup_stm32f10x_md.o(.text)
    I2C2_ER_IRQHandler                       0x080001e3   Thumb Code     0  startup_stm32f10x_md.o(.text)
    I2C2_EV_IRQHandler                       0x080001e3   Thumb Code     0  startup_stm32f10x_md.o(.text)
    PVD_IRQHandler                           0x080001e3   Thumb Code     0  startup_stm32f10x_md.o(.text)
    RCC_IRQHandler                           0x080001e3   Thumb Code     0  startup_stm32f10x_md.o(.text)
    RTCAlarm_IRQHandler                      0x080001e3   Thumb Code     0  startup_stm32f10x_md.o(.text)
    RTC_IRQHandler                           0x080001e3   Thumb Code     0  startup_stm32f10x_md.o(.text)
    SPI1_IRQHandler                          0x080001e3   Thumb Code     0  startup_stm32f10x_md.o(.text)
    SPI2_IRQHandler                          0x080001e3   Thumb Code     0  startup_stm32f10x_md.o(.text)
    TAMPER_IRQHandler                        0x080001e3   Thumb Code     0  startup_stm32f10x_md.o(.text)
    TIM1_BRK_IRQHandler                      0x080001e3   Thumb Code     0  startup_stm32f10x_md.o(.text)
    TIM1_CC_IRQHandler                       0x080001e3   Thumb Code     0  startup_stm32f10x_md.o(.text)
    TIM1_TRG_COM_IRQHandler                  0x080001e3   Thumb Code     0  startup_stm32f10x_md.o(.text)
    TIM1_UP_IRQHandler                       0x080001e3   Thumb Code     0  startup_stm32f10x_md.o(.text)
    TIM2_IRQHandler                          0x080001e3   Thumb Code     0  startup_stm32f10x_md.o(.text)
    TIM3_IRQHandler                          0x080001e3   Thumb Code     0  startup_stm32f10x_md.o(.text)
    TIM4_IRQHandler                          0x080001e3   Thumb Code     0  startup_stm32f10x_md.o(.text)
    USART1_IRQHandler                        0x080001e3   Thumb Code     0  startup_stm32f10x_md.o(.text)
    USART2_IRQHandler                        0x080001e3   Thumb Code     0  startup_stm32f10x_md.o(.text)
    USART3_IRQHandler                        0x080001e3   Thumb Code     0  startup_stm32f10x_md.o(.text)
    USBWakeUp_IRQHandler                     0x080001e3   Thumb Code     0  startup_stm32f10x_md.o(.text)
    USB_HP_CAN1_TX_IRQHandler                0x080001e3   Thumb Code     0  startup_stm32f10x_md.o(.text)
    USB_LP_CAN1_RX0_IRQHandler               0x080001e3   Thumb Code     0  startup_stm32f10x_md.o(.text)
    WWDG_IRQHandler                          0x080001e3   Thumb Code     0  startup_stm32f10x_md.o(.text)
    __user_initial_stackheap                 0x080001e5   Thumb Code     0  startup_stm32f10x_md.o(.text)
    OS_StrLen                                0x08000209   Thumb Code    20  os_core.o(.text)
    OSEventNameGet                           0x0800021d   Thumb Code   124  os_core.o(.text)
    OSEventNameSet                           0x08000299   Thumb Code   104  os_core.o(.text)
    OS_EventTaskRemoveMulti                  0x08000301   Thumb Code    60  os_core.o(.text)
    OS_Sched                                 0x08000357   Thumb Code    88  os_core.o(.text)
    OS_EventTaskWaitMulti                    0x080003af   Thumb Code   136  os_core.o(.text)
    OSEventPendMulti                         0x08000437   Thumb Code   768  os_core.o(.text)
    OS_TaskIdle                              0x08000737   Thumb Code    32  os_core.o(.text)
    OS_MemClr                                0x0800078b   Thumb Code    18  os_core.o(.text)
    OSInit                                   0x0800086d   Thumb Code    36  os_core.o(.text)
    OSIntEnter                               0x08000891   Thumb Code    28  os_core.o(.text)
    OSIntExit                                0x080008ad   Thumb Code   112  os_core.o(.text)
    OSSchedLock                              0x0800091d   Thumb Code    50  os_core.o(.text)
    OSSchedUnlock                            0x0800094f   Thumb Code    82  os_core.o(.text)
    OSStart                                  0x080009a1   Thumb Code    48  os_core.o(.text)
    OSTimeTick                               0x080009d1   Thumb Code   334  os_core.o(.text)
    OSVersion                                0x08000b1f   Thumb Code     6  os_core.o(.text)
    OS_Dummy                                 0x08000b25   Thumb Code     2  os_core.o(.text)
    OS_EventTaskRemove                       0x08000b27   Thumb Code    42  os_core.o(.text)
    OS_EventTaskRdy                          0x08000b51   Thumb Code   132  os_core.o(.text)
    OS_EventTaskWait                         0x08000bd5   Thumb Code   112  os_core.o(.text)
    OS_EventWaitListInit                     0x08000c45   Thumb Code    28  os_core.o(.text)
    OS_MemCopy                               0x08000c61   Thumb Code    20  os_core.o(.text)
    OS_TaskStatStkChk                        0x08000c75   Thumb Code    54  os_core.o(.text)
    OS_TCBInit                               0x08000cab   Thumb Code   290  os_core.o(.text)
    OSQAccept                                0x08000ded   Thumb Code   104  os_q.o(.text)
    OSQCreate                                0x08000e55   Thumb Code   144  os_q.o(.text)
    OSQDel                                   0x08000ee5   Thumb Code   260  os_q.o(.text)
    OSQFlush                                 0x08000fe9   Thumb Code    52  os_q.o(.text)
    OSQPend                                  0x0800101d   Thumb Code   294  os_q.o(.text)
    OSQPendAbort                             0x08001143   Thumb Code   144  os_q.o(.text)
    OSQPost                                  0x080011d3   Thumb Code   146  os_q.o(.text)
    OSQPostFront                             0x08001265   Thumb Code   122  os_q.o(.text)
    OSQPostOpt                               0x080012df   Thumb Code   188  os_q.o(.text)
    OSQQuery                                 0x0800139b   Thumb Code   110  os_q.o(.text)
    OS_QInit                                 0x08001409   Thumb Code    46  os_q.o(.text)
    OSSemAccept                              0x08001441   Thumb Code    48  os_sem.o(.text)
    OSSemCreate                              0x08001471   Thumb Code    72  os_sem.o(.text)
    OSSemDel                                 0x080014b9   Thumb Code   226  os_sem.o(.text)
    OSSemPend                                0x0800159b   Thumb Code   240  os_sem.o(.text)
    OSSemPendAbort                           0x0800168b   Thumb Code   144  os_sem.o(.text)
    OSSemPost                                0x0800171b   Thumb Code    94  os_sem.o(.text)
    OSSemQuery                               0x08001779   Thumb Code    94  os_sem.o(.text)
    OSSemSet                                 0x080017d7   Thumb Code    78  os_sem.o(.text)
    OSTaskChangePrio                         0x08001839   Thumb Code   420  os_task.o(.text)
    OSTaskCreate                             0x080019dd   Thumb Code   156  os_task.o(.text)
    OS_TaskStkClr                            0x08001a79   Thumb Code    26  os_task.o(.text)
    OSTaskCreateExt                          0x08001a93   Thumb Code   178  os_task.o(.text)
    OSTaskDel                                0x08001b45   Thumb Code   352  os_task.o(.text)
    OSTaskDelReq                             0x08001ca5   Thumb Code   112  os_task.o(.text)
    OSTaskNameGet                            0x08001d15   Thumb Code   146  os_task.o(.text)
    OSTaskNameSet                            0x08001da7   Thumb Code   124  os_task.o(.text)
    OSTaskResume                             0x08001e23   Thumb Code   168  os_task.o(.text)
    OSTaskStkChk                             0x08001ecb   Thumb Code   150  os_task.o(.text)
    OSTaskSuspend                            0x08001f61   Thumb Code   172  os_task.o(.text)
    OSTaskQuery                              0x0800200d   Thumb Code   124  os_task.o(.text)
    OSTaskRegGet                             0x08002089   Thumb Code    86  os_task.o(.text)
    OSTaskRegSet                             0x080020df   Thumb Code    84  os_task.o(.text)
    OS_TaskReturn                            0x08002133   Thumb Code    18  os_task.o(.text)
    OSTimeDly                                0x0800214d   Thumb Code    92  os_time.o(.text)
    OSTimeDlyHMSM                            0x080021a9   Thumb Code   114  os_time.o(.text)
    OSTimeDlyResume                          0x0800221b   Thumb Code   176  os_time.o(.text)
    OSTimeGet                                0x080022cb   Thumb Code    24  os_time.o(.text)
    OSTimeSet                                0x080022e3   Thumb Code    24  os_time.o(.text)
    Startup_Task                             0x08002315   Thumb Code    54  app.o(.text)
    Led_Task                                 0x0800234b   Thumb Code    44  app.o(.text)
    ADC_Task                                 0x08002377   Thumb Code   250  app.o(.text)
    Cursor_Task                              0x08002471   Thumb Code   110  app.o(.text)
    CalcDec                                  0x080024df   Thumb Code   110  app.o(.text)
    Input_Task                               0x0800254d   Thumb Code  1108  app.o(.text)
    Timer_Task                               0x080029a1   Thumb Code    94  app.o(.text)
    main                                     0x08002a41   Thumb Code   104  main.o(.text)
    DelayM                                   0x08002add   Thumb Code    30  delay.o(.text)
    DelayN                                   0x08002afb   Thumb Code    26  delay.o(.text)
    OS_CPU_SR_Save                           0x08002b15   Thumb Code     0  os_cpu_a.o(.text)
    OS_CPU_SR_Restore                        0x08002b1d   Thumb Code     0  os_cpu_a.o(.text)
    OSStartHighRdy                           0x08002b23   Thumb Code     0  os_cpu_a.o(.text)
    OSCtxSw                                  0x08002b43   Thumb Code     0  os_cpu_a.o(.text)
    OSIntCtxSw                               0x08002b4d   Thumb Code     0  os_cpu_a.o(.text)
    OS_CPU_PendSVHandler                     0x08002b57   Thumb Code     0  os_cpu_a.o(.text)
    OSInitHookBegin                          0x08002bb9   Thumb Code     2  os_cpu_c.o(.text)
    OSInitHookEnd                            0x08002bbb   Thumb Code     2  os_cpu_c.o(.text)
    OSTaskCreateHook                         0x08002bbd   Thumb Code     2  os_cpu_c.o(.text)
    OSTaskDelHook                            0x08002bbf   Thumb Code     2  os_cpu_c.o(.text)
    OSTaskIdleHook                           0x08002bc1   Thumb Code     2  os_cpu_c.o(.text)
    OSTaskReturnHook                         0x08002bc3   Thumb Code     2  os_cpu_c.o(.text)
    OSTaskStatHook                           0x08002bc5   Thumb Code     2  os_cpu_c.o(.text)
    OSTaskStkInit                            0x08002bc7   Thumb Code   152  os_cpu_c.o(.text)
    OSTaskSwHook                             0x08002c5f   Thumb Code     2  os_cpu_c.o(.text)
    OSTCBInitHook                            0x08002c61   Thumb Code     2  os_cpu_c.o(.text)
    OSTimeTickHook                           0x08002c63   Thumb Code     2  os_cpu_c.o(.text)
    GPIO_Config                              0x08002c69   Thumb Code    56  bsp.o(.text)
    NVIC_Config                              0x08002ca1   Thumb Code    40  bsp.o(.text)
    BSP_Init                                 0x08002cc9   Thumb Code    40  bsp.o(.text)
    SysTick_Init                             0x08002cf1   Thumb Code    74  bsp.o(.text)
    SysTick_Handler                          0x08002d3b   Thumb Code    16  bsp.o(.text)
    Led_Init                                 0x08002d65   Thumb Code    58  led.o(.text)
    Led_Off                                  0x08002d9f   Thumb Code    28  led.o(.text)
    Led_On                                   0x08002dbb   Thumb Code    28  led.o(.text)
    GPIO_DeInit                              0x08002de1   Thumb Code   172  stm32f10x_gpio.o(.text)
    GPIO_AFIODeInit                          0x08002e8d   Thumb Code    20  stm32f10x_gpio.o(.text)
    GPIO_Init                                0x08002ea1   Thumb Code   274  stm32f10x_gpio.o(.text)
    GPIO_StructInit                          0x08002fb3   Thumb Code    16  stm32f10x_gpio.o(.text)
    GPIO_ReadInputDataBit                    0x08002fc3   Thumb Code    18  stm32f10x_gpio.o(.text)
    GPIO_ReadInputData                       0x08002fd5   Thumb Code     8  stm32f10x_gpio.o(.text)
    GPIO_ReadOutputDataBit                   0x08002fdd   Thumb Code    18  stm32f10x_gpio.o(.text)
    GPIO_ReadOutputData                      0x08002fef   Thumb Code     8  stm32f10x_gpio.o(.text)
    GPIO_SetBits                             0x08002ff7   Thumb Code     4  stm32f10x_gpio.o(.text)
    GPIO_ResetBits                           0x08002ffb   Thumb Code     4  stm32f10x_gpio.o(.text)
    GPIO_WriteBit                            0x08002fff   Thumb Code    10  stm32f10x_gpio.o(.text)
    GPIO_Write                               0x08003009   Thumb Code     4  stm32f10x_gpio.o(.text)
    GPIO_PinLockConfig                       0x0800300d   Thumb Code    18  stm32f10x_gpio.o(.text)
    GPIO_EventOutputConfig                   0x0800301f   Thumb Code    26  stm32f10x_gpio.o(.text)
    GPIO_EventOutputCmd                      0x08003039   Thumb Code     6  stm32f10x_gpio.o(.text)
    GPIO_PinRemapConfig                      0x0800303f   Thumb Code   138  stm32f10x_gpio.o(.text)
    GPIO_EXTILineConfig                      0x080030c9   Thumb Code    66  stm32f10x_gpio.o(.text)
    GPIO_ETH_MediaInterfaceConfig            0x0800310b   Thumb Code     6  stm32f10x_gpio.o(.text)
    RCC_DeInit                               0x08003139   Thumb Code    64  stm32f10x_rcc.o(.text)
    RCC_HSEConfig                            0x08003179   Thumb Code    70  stm32f10x_rcc.o(.text)
    RCC_GetFlagStatus                        0x080031bf   Thumb Code    56  stm32f10x_rcc.o(.text)
    RCC_WaitForHSEStartUp                    0x080031f7   Thumb Code    48  stm32f10x_rcc.o(.text)
    RCC_AdjustHSICalibrationValue            0x08003227   Thumb Code    20  stm32f10x_rcc.o(.text)
    RCC_HSICmd                               0x0800323b   Thumb Code     6  stm32f10x_rcc.o(.text)
    RCC_PLLConfig                            0x08003241   Thumb Code    24  stm32f10x_rcc.o(.text)
    RCC_PLLCmd                               0x08003259   Thumb Code     6  stm32f10x_rcc.o(.text)
    RCC_SYSCLKConfig                         0x0800325f   Thumb Code    18  stm32f10x_rcc.o(.text)
    RCC_GetSYSCLKSource                      0x08003271   Thumb Code    10  stm32f10x_rcc.o(.text)
    RCC_HCLKConfig                           0x0800327b   Thumb Code    18  stm32f10x_rcc.o(.text)
    RCC_PCLK1Config                          0x0800328d   Thumb Code    18  stm32f10x_rcc.o(.text)
    RCC_PCLK2Config                          0x0800329f   Thumb Code    20  stm32f10x_rcc.o(.text)
    RCC_ITConfig                             0x080032b3   Thumb Code    26  stm32f10x_rcc.o(.text)
    RCC_USBCLKConfig                         0x080032cd   Thumb Code     6  stm32f10x_rcc.o(.text)
    RCC_ADCCLKConfig                         0x080032d3   Thumb Code    18  stm32f10x_rcc.o(.text)
    RCC_LSEConfig                            0x080032e5   Thumb Code    44  stm32f10x_rcc.o(.text)
    RCC_LSICmd                               0x08003311   Thumb Code     6  stm32f10x_rcc.o(.text)
    RCC_RTCCLKConfig                         0x08003317   Thumb Code    12  stm32f10x_rcc.o(.text)
    RCC_RTCCLKCmd                            0x08003323   Thumb Code     8  stm32f10x_rcc.o(.text)
    RCC_GetClocksFreq                        0x0800332b   Thumb Code   192  stm32f10x_rcc.o(.text)
    RCC_AHBPeriphClockCmd                    0x080033eb   Thumb Code    26  stm32f10x_rcc.o(.text)
    RCC_APB2PeriphClockCmd                   0x08003405   Thumb Code    26  stm32f10x_rcc.o(.text)
    RCC_APB1PeriphClockCmd                   0x0800341f   Thumb Code    26  stm32f10x_rcc.o(.text)
    RCC_APB2PeriphResetCmd                   0x08003439   Thumb Code    26  stm32f10x_rcc.o(.text)
    RCC_APB1PeriphResetCmd                   0x08003453   Thumb Code    26  stm32f10x_rcc.o(.text)
    RCC_BackupResetCmd                       0x0800346d   Thumb Code     8  stm32f10x_rcc.o(.text)
    RCC_ClockSecuritySystemCmd               0x08003475   Thumb Code     6  stm32f10x_rcc.o(.text)
    RCC_MCOConfig                            0x0800347b   Thumb Code     6  stm32f10x_rcc.o(.text)
    RCC_ClearFlag                            0x08003481   Thumb Code    14  stm32f10x_rcc.o(.text)
    RCC_GetITStatus                          0x0800348f   Thumb Code    20  stm32f10x_rcc.o(.text)
    RCC_ClearITPendingBit                    0x080034a3   Thumb Code     6  stm32f10x_rcc.o(.text)
    SystemInit                               0x0800359d   Thumb Code    78  system_stm32f10x.o(.text)
    SystemCoreClockUpdate                    0x080035eb   Thumb Code   142  system_stm32f10x.o(.text)
    EXTI_DeInit                              0x0800369d   Thumb Code    28  stm32f10x_exti.o(.text)
    EXTI_Init                                0x080036b9   Thumb Code   142  stm32f10x_exti.o(.text)
    EXTI_StructInit                          0x08003747   Thumb Code    16  stm32f10x_exti.o(.text)
    EXTI_GenerateSWInterrupt                 0x08003757   Thumb Code    16  stm32f10x_exti.o(.text)
    EXTI_GetFlagStatus                       0x08003767   Thumb Code    22  stm32f10x_exti.o(.text)
    EXTI_ClearFlag                           0x0800377d   Thumb Code     8  stm32f10x_exti.o(.text)
    EXTI_GetITStatus                         0x08003785   Thumb Code    34  stm32f10x_exti.o(.text)
    EXTI_ClearITPendingBit                   0x080037a7   Thumb Code     8  stm32f10x_exti.o(.text)
    NVIC_PriorityGroupConfig                 0x080037b9   Thumb Code    10  misc.o(.text)
    NVIC_Init                                0x080037c3   Thumb Code   102  misc.o(.text)
    NVIC_SetVectorTable                      0x08003829   Thumb Code    14  misc.o(.text)
    NVIC_SystemLPConfig                      0x08003837   Thumb Code    34  misc.o(.text)
    SysTick_CLKSourceConfig                  0x08003859   Thumb Code    40  misc.o(.text)
    LCD_Init                                 0x08003895   Thumb Code    60  lcd.o(.text)
    Set_Read                                 0x080038d1   Thumb Code    26  lcd.o(.text)
    Set_Write                                0x080038eb   Thumb Code    32  lcd.o(.text)
    LCD_Read                                 0x0800390b   Thumb Code   130  lcd.o(.text)
    LCD_Write                                0x0800398d   Thumb Code   138  lcd.o(.text)
    Write_COM                                0x08003a17   Thumb Code    14  lcd.o(.text)
    Read_ID                                  0x08003a25   Thumb Code    14  lcd.o(.text)
    Write_DAT                                0x08003a33   Thumb Code    14  lcd.o(.text)
    Write_Reg                                0x08003a41   Thumb Code    20  lcd.o(.text)
    LCD_Reset                                0x08003a55   Thumb Code    52  lcd.o(.text)
    LCD_Config                               0x08003a89   Thumb Code   566  lcd.o(.text)
    Set_Area                                 0x08003cbf   Thumb Code    84  lcd.o(.text)
    LCD_Clear                                0x08003d13   Thumb Code    86  lcd.o(.text)
    Set_Addr                                 0x08003d69   Thumb Code    20  lcd.o(.text)
    LCD_SetPoint                             0x08003d7d   Thumb Code    28  lcd.o(.text)
    LCD_GetPoint                             0x08003d99   Thumb Code    36  lcd.o(.text)
    Set_Color                                0x08003dbd   Thumb Code     8  lcd.o(.text)
    Get_Color                                0x08003dc5   Thumb Code    26  lcd.o(.text)
    Show_Char                                0x08003ddf   Thumb Code   142  lcd.o(.text)
    Show_String                              0x08003e6d   Thumb Code    36  lcd.o(.text)
    Show_Hex                                 0x08003e91   Thumb Code   100  lcd.o(.text)
    Show_Bin                                 0x08003ef5   Thumb Code    88  lcd.o(.text)
    Show_Dec                                 0x08003f4d   Thumb Code   478  lcd.o(.text)
    Clear                                    0x0800412b   Thumb Code    42  lcd.o(.text)
    LCD_DrawVLine                            0x08004159   Thumb Code    40  base.o(.text)
    LCD_DrawHLine                            0x08004181   Thumb Code    40  base.o(.text)
    LCD_DrawRec                              0x080041a9   Thumb Code    76  base.o(.text)
    LCD_DrawButton                           0x080041f5   Thumb Code   138  button.o(.text)
    Set_Cursor                               0x08004281   Thumb Code     8  cursor.o(.text)
    Get_Cursor                               0x08004289   Thumb Code    22  cursor.o(.text)
    LCD_DrawEdit                             0x080042a5   Thumb Code    72  edit.o(.text)
    LCD_DrawKeyNum                           0x080042ed   Thumb Code   136  keymap.o(.text)
    LCD_DrawKeyDel                           0x08004375   Thumb Code   120  keymap.o(.text)
    LCD_DrawKeyOK                            0x080043ed   Thumb Code    92  keymap.o(.text)
    Show_KeyMap                              0x08004449   Thumb Code   330  keymap.o(.text)
    Show_Main                                0x080045b1   Thumb Code   264  main_ui.o(.text)
    LCD_DrawProg                             0x080046f5   Thumb Code   168  prog.o(.text)
    LCD_DrawText                             0x080047a1   Thumb Code    30  text.o(.text)
    LCD_DrawTitleBar                         0x080047bf   Thumb Code    48  title.o(.text)
    ADC_Init                                 0x080047f1   Thumb Code    48  adc.o(.text)
    ADC_Reset                                0x08004821   Thumb Code    52  adc.o(.text)
    ADC_Write                                0x08004855   Thumb Code    96  adc.o(.text)
    ADC_Read                                 0x080048b5   Thumb Code    82  adc.o(.text)
    ADC_Config                               0x08004907   Thumb Code    60  adc.o(.text)
    Get_ADC                                  0x08004943   Thumb Code    40  adc.o(.text)
    Touch_Init                               0x08004971   Thumb Code    58  touch.o(.text)
    SPI_Start                                0x080049ab   Thumb Code    74  touch.o(.text)
    Touch_Write                              0x080049f5   Thumb Code    84  touch.o(.text)
    Touch_Read                               0x08004a49   Thumb Code    68  touch.o(.text)
    Read_AD                                  0x08004a8d   Thumb Code    58  touch.o(.text)
    Read_ADS                                 0x08004ac7   Thumb Code   136  touch.o(.text)
    Read_XY                                  0x08004b4f   Thumb Code    74  touch.o(.text)
    Read_XY_2                                0x08004b99   Thumb Code   160  touch.o(.text)
    CalcXY                                   0x08004c39   Thumb Code   118  touch.o(.text)
    Get_Key                                  0x08004caf   Thumb Code   282  touch.o(.text)
    Exti_Config                              0x08004dc9   Thumb Code    46  exti.o(.text)
    Exti_Set                                 0x08004df7   Thumb Code    32  exti.o(.text)
    EXTI9_5_IRQHandler                       0x08004e17   Thumb Code    34  exti.o(.text)
    Motor_Init                               0x08004e3d   Thumb Code    32  motor.o(.text)
    Motor_On                                 0x08004e5d   Thumb Code    32  motor.o(.text)
    Motor_Off                                0x08004e7d   Thumb Code    32  motor.o(.text)
    Beep_Init                                0x08004ea1   Thumb Code    30  beep.o(.text)
    Beep_Con                                 0x08004ebf   Thumb Code    26  beep.o(.text)
    __use_two_region_memory                  0x08004edd   Thumb Code     2  heapauxi.o(.text)
    __rt_heap_escrow$2region                 0x08004edf   Thumb Code     2  heapauxi.o(.text)
    __rt_heap_expand$2region                 0x08004ee1   Thumb Code     2  heapauxi.o(.text)
    __user_setup_stackheap                   0x08004ee3   Thumb Code    74  sys_stackheap_outer.o(.text)
    exit                                     0x08004f2d   Thumb Code    12  exit.o(.text)
    __user_libspace                          0x08004f39   Thumb Code     8  libspace.o(.text)
    __user_perproc_libspace                  0x08004f39   Thumb Code     0  libspace.o(.text)
    __user_perthread_libspace                0x08004f39   Thumb Code     0  libspace.o(.text)
    _sys_exit                                0x08004f41   Thumb Code     8  sys_exit.o(.text)
    __I$use$semihosting                      0x08004f4d   Thumb Code     0  use_no_semi.o(.text)
    __use_no_semihosting_swi                 0x08004f4d   Thumb Code     2  use_no_semi.o(.text)
    __fpl_dcmp_Inf                           0x08004f4f   Thumb Code    24  dcmpi.o(x$fpl$dcmpinf)
    __semihosting_library_function           0x08004f4f   Thumb Code     0  indicate_semi.o(.text)
    __aeabi_ddiv                             0x08004f69   Thumb Code     0  ddiv.o(x$fpl$ddiv)
    _ddiv                                    0x08004f69   Thumb Code   552  ddiv.o(x$fpl$ddiv)
    __aeabi_cdcmpeq                          0x08005219   Thumb Code     0  deqf.o(x$fpl$deqf)
    _dcmpeq                                  0x08005219   Thumb Code   120  deqf.o(x$fpl$deqf)
    __aeabi_d2uiz                            0x08005291   Thumb Code     0  dfixu.o(x$fpl$dfixu)
    _dfixu                                   0x08005291   Thumb Code    90  dfixu.o(x$fpl$dfixu)
    __aeabi_i2d                              0x080052eb   Thumb Code     0  dflt_clz.o(x$fpl$dflt)
    _dflt                                    0x080052eb   Thumb Code    46  dflt_clz.o(x$fpl$dflt)
    __aeabi_ui2d                             0x08005319   Thumb Code     0  dflt_clz.o(x$fpl$dfltu)
    _dfltu                                   0x08005319   Thumb Code    38  dflt_clz.o(x$fpl$dfltu)
    __aeabi_cdcmple                          0x08005341   Thumb Code     0  dleqf.o(x$fpl$dleqf)
    _dcmple                                  0x08005341   Thumb Code   120  dleqf.o(x$fpl$dleqf)
    __fpl_dcmple_InfNaN                      0x080053a3   Thumb Code     0  dleqf.o(x$fpl$dleqf)
    __aeabi_dmul                             0x080053b9   Thumb Code     0  dmul.o(x$fpl$dmul)
    _dmul                                    0x080053b9   Thumb Code   332  dmul.o(x$fpl$dmul)
    __fpl_dnaninf                            0x0800550d   Thumb Code   156  dnaninf.o(x$fpl$dnaninf)
    __fpl_dretinf                            0x080055a9   Thumb Code    12  dretinf.o(x$fpl$dretinf)
    __aeabi_f2d                              0x080055b5   Thumb Code     0  f2d.o(x$fpl$f2d)
    _f2d                                     0x080055b5   Thumb Code    86  f2d.o(x$fpl$f2d)
    __aeabi_f2uiz                            0x0800560d   Thumb Code     0  ffixu.o(x$fpl$ffixu)
    _ffixu                                   0x0800560d   Thumb Code    62  ffixu.o(x$fpl$ffixu)
    __aeabi_i2f                              0x0800564d   Thumb Code     0  fflt_clz.o(x$fpl$fflt)
    _fflt                                    0x0800564d   Thumb Code    48  fflt_clz.o(x$fpl$fflt)
    __aeabi_fmul                             0x0800567d   Thumb Code     0  fmul.o(x$fpl$fmul)
    _fmul                                    0x0800567d   Thumb Code   258  fmul.o(x$fpl$fmul)
    __fpl_fnaninf                            0x0800577f   Thumb Code   140  fnaninf.o(x$fpl$fnaninf)
    __fpl_fretinf                            0x0800580b   Thumb Code    10  fretinf.o(x$fpl$fretinf)
    OSUnMapTbl                               0x08005814   Data         256  os_core.o(.constdata)
    __I$use$fp                               0x08005814   Number         0  usenofp.o(x$fpl$usenofp)
    F8x16                                    0x08005914   Data        1536  lcd.o(.constdata)
    F24x48                                   0x08005f14   Data        1584  keymap.o(.constdata)
    DEL                                      0x08006544   Data          66  keymap.o(.constdata)
    Region$$Table$$Base                      0x08006608   Number         0  anon$$obj.o(Region$$Table)
    Region$$Table$$Limit                     0x08006628   Number         0  anon$$obj.o(Region$$Table)
    OSCtxSwCtr                               0x20000000   Data           4  os_core.o(.data)
    OSEventFreeList                          0x20000004   Data           4  os_core.o(.data)
    OSIntNesting                             0x20000008   Data           1  os_core.o(.data)
    OSLockNesting                            0x20000009   Data           1  os_core.o(.data)
    OSPrioCur                                0x2000000a   Data           1  os_core.o(.data)
    OSPrioHighRdy                            0x2000000b   Data           1  os_core.o(.data)
    OSRdyGrp                                 0x2000000c   Data           1  os_core.o(.data)
    OSRdyTbl                                 0x2000000d   Data           3  os_core.o(.data)
    OSRunning                                0x20000010   Data           1  os_core.o(.data)
    OSTaskCtr                                0x20000011   Data           1  os_core.o(.data)
    OSIdleCtr                                0x20000014   Data           4  os_core.o(.data)
    OSTCBCur                                 0x20000018   Data           4  os_core.o(.data)
    OSTCBFreeList                            0x2000001c   Data           4  os_core.o(.data)
    OSTCBHighRdy                             0x20000020   Data           4  os_core.o(.data)
    OSTCBList                                0x20000024   Data           4  os_core.o(.data)
    OSTickStepState                          0x20000028   Data           1  os_core.o(.data)
    OSQFreeList                              0x2000002c   Data           4  os_core.o(.data)
    OSTime                                   0x20000030   Data           4  os_core.o(.data)
    VALUE1                                   0x20000034   Data           2  app.o(.data)
    VALUE2                                   0x20000036   Data           2  app.o(.data)
    VALUE3                                   0x20000038   Data           2  app.o(.data)
    PENIRQ                                   0x2000003c   Data           4  main.o(.data)
    cursor                                   0x20000040   Data           4  main.o(.data)
    color                                    0x20000044   Data           2  main.o(.data)
    SystemCoreClock                          0x2000005c   Data           4  system_stm32f10x.o(.data)
    AHBPrescTable                            0x20000060   Data          16  system_stm32f10x.o(.data)
    HEX                                      0x20000070   Data          16  lcd.o(.data)
    colors                                   0x20000080   Data          20  lcd.o(.data)
    input                                    0x20000094   Data          10  keymap.o(.data)
    title                                    0x200000a0   Data           8  keymap.o(.data)
    title1                                   0x200000a8   Data           8  main_ui.o(.data)
    text1                                    0x200000b0   Data          12  main_ui.o(.data)
    text2                                    0x200000bc   Data          12  main_ui.o(.data)
    text3                                    0x200000c8   Data          12  main_ui.o(.data)
    text4                                    0x200000d4   Data          12  main_ui.o(.data)
    text5                                    0x200000e0   Data          12  main_ui.o(.data)
    text6                                    0x200000ec   Data          12  main_ui.o(.data)
    button1                                  0x200000f8   Data          16  main_ui.o(.data)
    button2                                  0x20000108   Data          16  main_ui.o(.data)
    edit1                                    0x20000118   Data          10  main_ui.o(.data)
    edit2                                    0x20000122   Data          10  main_ui.o(.data)
    prog1                                    0x2000012c   Data          16  main_ui.o(.data)
    prog2                                    0x2000013c   Data          16  main_ui.o(.data)
    CMD_RDX                                  0x2000014c   Data           1  touch.o(.data)
    CMD_RDY                                  0x2000014d   Data           1  touch.o(.data)
    OSEventTbl                               0x20000150   Data         200  os_core.o(.bss)
    OSTaskIdleStk                            0x20000218   Data         512  os_core.o(.bss)
    OSTCBPrioTbl                             0x20000418   Data          84  os_core.o(.bss)
    OSTCBTbl                                 0x2000046c   Data        1680  os_core.o(.bss)
    OSQTbl                                   0x20000afc   Data          96  os_core.o(.bss)
    touch                                    0x20000f5c   Data          12  main.o(.bss)
    __libspace_start                         0x20000f68   Data          96  libspace.o(.bss)
    __temporary_stack_top$libspace           0x20000fc8   Data           0  libspace.o(.bss)



==============================================================================

Memory Map of the image

  Image Entry point : 0x080000ed

  Load Region LR_IROM1 (Base: 0x08000000, Size: 0x00006778, Max: 0x00010000, ABSOLUTE, COMPRESSED[0x000066e0])

    Execution Region ER_IROM1 (Base: 0x08000000, Size: 0x00006628, Max: 0x00010000, ABSOLUTE)

    Base Addr    Size         Type   Attr      Idx    E Section Name        Object

    0x08000000   0x000000ec   Data   RO            3    RESET               startup_stm32f10x_md.o
    0x080000ec   0x00000008   Code   RO          661  * !!!main             c_w.l(__main.o)
    0x080000f4   0x00000034   Code   RO          862    !!!scatter          c_w.l(__scatter.o)
    0x08000128   0x0000005a   Code   RO          860    !!dczerorl2         c_w.l(__dczerorl2.o)
    0x08000182   0x00000002   PAD
    0x08000184   0x0000001c   Code   RO          864    !!handler_zi        c_w.l(__scatter_zi.o)
    0x080001a0   0x00000002   Code   RO          733    .ARM.Collect$$libinit$$00000000  c_w.l(libinit.o)
    0x080001a2   0x00000000   Code   RO          740    .ARM.Collect$$libinit$$00000002  c_w.l(libinit2.o)
    0x080001a2   0x00000000   Code   RO          743    .ARM.Collect$$libinit$$00000008  c_w.l(libinit2.o)
    0x080001a2   0x00000000   Code   RO          745    .ARM.Collect$$libinit$$0000000A  c_w.l(libinit2.o)
    0x080001a2   0x00000000   Code   RO          747    .ARM.Collect$$libinit$$0000000C  c_w.l(libinit2.o)
    0x080001a2   0x00000000   Code   RO          750    .ARM.Collect$$libinit$$0000000F  c_w.l(libinit2.o)
    0x080001a2   0x00000000   Code   RO          752    .ARM.Collect$$libinit$$00000011  c_w.l(libinit2.o)
    0x080001a2   0x00000000   Code   RO          754    .ARM.Collect$$libinit$$00000013  c_w.l(libinit2.o)
    0x080001a2   0x00000000   Code   RO          756    .ARM.Collect$$libinit$$00000015  c_w.l(libinit2.o)
    0x080001a2   0x00000000   Code   RO          758    .ARM.Collect$$libinit$$00000017  c_w.l(libinit2.o)
    0x080001a2   0x00000000   Code   RO          760    .ARM.Collect$$libinit$$00000019  c_w.l(libinit2.o)
    0x080001a2   0x00000000   Code   RO          762    .ARM.Collect$$libinit$$0000001B  c_w.l(libinit2.o)
    0x080001a2   0x00000000   Code   RO          764    .ARM.Collect$$libinit$$0000001D  c_w.l(libinit2.o)
    0x080001a2   0x00000000   Code   RO          766    .ARM.Collect$$libinit$$0000001F  c_w.l(libinit2.o)
    0x080001a2   0x00000000   Code   RO          768    .ARM.Collect$$libinit$$00000021  c_w.l(libinit2.o)
    0x080001a2   0x00000000   Code   RO          770    .ARM.Collect$$libinit$$00000023  c_w.l(libinit2.o)
    0x080001a2   0x00000000   Code   RO          774    .ARM.Collect$$libinit$$0000002A  c_w.l(libinit2.o)
    0x080001a2   0x00000000   Code   RO          776    .ARM.Collect$$libinit$$0000002C  c_w.l(libinit2.o)
    0x080001a2   0x00000000   Code   RO          778    .ARM.Collect$$libinit$$0000002E  c_w.l(libinit2.o)
    0x080001a2   0x00000000   Code   RO          780    .ARM.Collect$$libinit$$00000030  c_w.l(libinit2.o)
    0x080001a2   0x00000002   Code   RO          781    .ARM.Collect$$libinit$$00000031  c_w.l(libinit2.o)
    0x080001a4   0x00000002   Code   RO          801    .ARM.Collect$$libshutdown$$00000000  c_w.l(libshutdown.o)
    0x080001a6   0x00000000   Code   RO          815    .ARM.Collect$$libshutdown$$00000003  c_w.l(libshutdown2.o)
    0x080001a6   0x00000000   Code   RO          818    .ARM.Collect$$libshutdown$$00000006  c_w.l(libshutdown2.o)
    0x080001a6   0x00000000   Code   RO          821    .ARM.Collect$$libshutdown$$00000009  c_w.l(libshutdown2.o)
    0x080001a6   0x00000000   Code   RO          823    .ARM.Collect$$libshutdown$$0000000B  c_w.l(libshutdown2.o)
    0x080001a6   0x00000000   Code   RO          826    .ARM.Collect$$libshutdown$$0000000E  c_w.l(libshutdown2.o)
    0x080001a6   0x00000002   Code   RO          827    .ARM.Collect$$libshutdown$$0000000F  c_w.l(libshutdown2.o)
    0x080001a8   0x00000000   Code   RO          697    .ARM.Collect$$rtentry$$00000000  c_w.l(rtentry.o)
    0x080001a8   0x00000000   Code   RO          710    .ARM.Collect$$rtentry$$00000002  c_w.l(rtentry2.o)
    0x080001a8   0x00000006   Code   RO          722    .ARM.Collect$$rtentry$$00000004  c_w.l(rtentry4.o)
    0x080001ae   0x00000000   Code   RO          712    .ARM.Collect$$rtentry$$00000009  c_w.l(rtentry2.o)
    0x080001ae   0x00000004   Code   RO          713    .ARM.Collect$$rtentry$$0000000A  c_w.l(rtentry2.o)
    0x080001b2   0x00000000   Code   RO          715    .ARM.Collect$$rtentry$$0000000C  c_w.l(rtentry2.o)
    0x080001b2   0x00000008   Code   RO          716    .ARM.Collect$$rtentry$$0000000D  c_w.l(rtentry2.o)
    0x080001ba   0x00000002   Code   RO          737    .ARM.Collect$$rtexit$$00000000  c_w.l(rtexit.o)
    0x080001bc   0x00000000   Code   RO          783    .ARM.Collect$$rtexit$$00000002  c_w.l(rtexit2.o)
    0x080001bc   0x00000004   Code   RO          784    .ARM.Collect$$rtexit$$00000003  c_w.l(rtexit2.o)
    0x080001c0   0x00000006   Code   RO          785    .ARM.Collect$$rtexit$$00000004  c_w.l(rtexit2.o)
    0x080001c6   0x00000002   PAD
    0x080001c8   0x00000040   Code   RO            4    .text               startup_stm32f10x_md.o
    0x08000208   0x00000be4   Code   RO           10    .text               os_core.o
    0x08000dec   0x00000654   Code   RO           74    .text               os_q.o
    0x08001440   0x000003f8   Code   RO           86    .text               os_sem.o
    0x08001838   0x00000914   Code   RO           98    .text               os_task.o
    0x0800214c   0x000001c8   Code   RO          110    .text               os_time.o
    0x08002314   0x0000072c   Code   RO          128    .text               app.o
    0x08002a40   0x0000009c   Code   RO          236    .text               main.o
    0x08002adc   0x00000038   Code   RO          252    .text               delay.o
    0x08002b14   0x000000a4   Code   RO          274    .text               os_cpu_a.o
    0x08002bb8   0x000000b0   Code   RO          277    .text               os_cpu_c.o
    0x08002c68   0x000000fc   Code   RO          305    .text               bsp.o
    0x08002d64   0x0000007c   Code   RO          334    .text               led.o
    0x08002de0   0x00000358   Code   RO          346    .text               stm32f10x_gpio.o
    0x08003138   0x0000039c   Code   RO          368    .text               stm32f10x_rcc.o
    0x080034d4   0x000001c8   Code   RO          382    .text               system_stm32f10x.o
    0x0800369c   0x0000011c   Code   RO          400    .text               stm32f10x_exti.o
    0x080037b8   0x000000dc   Code   RO          415    .text               misc.o
    0x08003894   0x000008c4   Code   RO          430    .text               lcd.o
    0x08004158   0x0000009c   Code   RO          450    .text               base.o
    0x080041f4   0x0000008a   Code   RO          462    .text               button.o
    0x0800427e   0x00000002   PAD
    0x08004280   0x00000024   Code   RO          474    .text               cursor.o
    0x080042a4   0x00000048   Code   RO          487    .text               edit.o
    0x080042ec   0x000002c4   Code   RO          499    .text               keymap.o
    0x080045b0   0x00000144   Code   RO          520    .text               main_ui.o
    0x080046f4   0x000000ac   Code   RO          537    .text               prog.o
    0x080047a0   0x0000001e   Code   RO          549    .text               text.o
    0x080047be   0x00000030   Code   RO          561    .text               title.o
    0x080047ee   0x00000002   PAD
    0x080047f0   0x00000180   Code   RO          573    .text               adc.o
    0x08004970   0x00000458   Code   RO          585    .text               touch.o
    0x08004dc8   0x00000074   Code   RO          614    .text               exti.o
    0x08004e3c   0x00000064   Code   RO          627    .text               motor.o
    0x08004ea0   0x0000003c   Code   RO          642    .text               beep.o
    0x08004edc   0x00000006   Code   RO          659    .text               c_w.l(heapauxi.o)
    0x08004ee2   0x0000004a   Code   RO          724    .text               c_w.l(sys_stackheap_outer.o)
    0x08004f2c   0x0000000c   Code   RO          726    .text               c_w.l(exit.o)
    0x08004f38   0x00000008   Code   RO          734    .text               c_w.l(libspace.o)
    0x08004f40   0x0000000c   Code   RO          793    .text               c_w.l(sys_exit.o)
    0x08004f4c   0x00000002   Code   RO          804    .text               c_w.l(use_no_semi.o)
    0x08004f4e   0x00000000   Code   RO          806    .text               c_w.l(indicate_semi.o)
    0x08004f4e   0x00000018   Code   RO          698    x$fpl$dcmpinf       fz_ws.l(dcmpi.o)
    0x08004f66   0x00000002   PAD
    0x08004f68   0x000002b0   Code   RO          664    x$fpl$ddiv          fz_ws.l(ddiv.o)
    0x08005218   0x00000078   Code   RO          667    x$fpl$deqf          fz_ws.l(deqf.o)
    0x08005290   0x0000005a   Code   RO          669    x$fpl$dfixu         fz_ws.l(dfixu.o)
    0x080052ea   0x0000002e   Code   RO          674    x$fpl$dflt          fz_ws.l(dflt_clz.o)
    0x08005318   0x00000026   Code   RO          673    x$fpl$dfltu         fz_ws.l(dflt_clz.o)
    0x0800533e   0x00000002   PAD
    0x08005340   0x00000078   Code   RO          679    x$fpl$dleqf         fz_ws.l(dleqf.o)
    0x080053b8   0x00000154   Code   RO          681    x$fpl$dmul          fz_ws.l(dmul.o)
    0x0800550c   0x0000009c   Code   RO          700    x$fpl$dnaninf       fz_ws.l(dnaninf.o)
    0x080055a8   0x0000000c   Code   RO          702    x$fpl$dretinf       fz_ws.l(dretinf.o)
    0x080055b4   0x00000056   Code   RO          683    x$fpl$f2d           fz_ws.l(f2d.o)
    0x0800560a   0x00000002   PAD
    0x0800560c   0x0000003e   Code   RO          685    x$fpl$ffixu         fz_ws.l(ffixu.o)
    0x0800564a   0x00000002   PAD
    0x0800564c   0x00000030   Code   RO          690    x$fpl$fflt          fz_ws.l(fflt_clz.o)
    0x0800567c   0x00000102   Code   RO          695    x$fpl$fmul          fz_ws.l(fmul.o)
    0x0800577e   0x0000008c   Code   RO          704    x$fpl$fnaninf       fz_ws.l(fnaninf.o)
    0x0800580a   0x0000000a   Code   RO          706    x$fpl$fretinf       fz_ws.l(fretinf.o)
    0x08005814   0x00000000   Code   RO          708    x$fpl$usenofp       fz_ws.l(usenofp.o)
    0x08005814   0x00000100   Data   RO           12    .constdata          os_core.o
    0x08005914   0x00000600   Data   RO          431    .constdata          lcd.o
    0x08005f14   0x00000672   Data   RO          500    .constdata          keymap.o
    0x08006586   0x00000010   Data   RO          501    .conststring        keymap.o
    0x08006596   0x00000071   Data   RO          521    .conststring        main_ui.o
    0x08006607   0x00000001   PAD
    0x08006608   0x00000020   Data   RO          858    Region$$Table       anon$$obj.o


    Execution Region RW_IRAM1 (Base: 0x20000000, Size: 0x000015c8, Max: 0x00005000, ABSOLUTE, COMPRESSED[0x000000b8])

    Base Addr    Size         Type   Attr      Idx    E Section Name        Object

    0x20000000   0x00000034   Data   RW           13    .data               os_core.o
    0x20000034   0x00000006   Data   RW          129    .data               app.o
    0x2000003a   0x00000002   PAD
    0x2000003c   0x0000000a   Data   RW          238    .data               main.o
    0x20000046   0x00000014   Data   RW          369    .data               stm32f10x_rcc.o
    0x2000005a   0x00000002   PAD
    0x2000005c   0x00000014   Data   RW          383    .data               system_stm32f10x.o
    0x20000070   0x00000024   Data   RW          432    .data               lcd.o
    0x20000094   0x00000014   Data   RW          502    .data               keymap.o
    0x200000a8   0x000000a4   Data   RW          522    .data               main_ui.o
    0x2000014c   0x00000002   Data   RW          586    .data               touch.o
    0x2000014e   0x00000002   PAD
    0x20000150   0x00000a0c   Zero   RW           11    .bss                os_core.o
    0x20000b5c   0x0000040c   Zero   RW          237    .bss                main.o
    0x20000f68   0x00000060   Zero   RW          735    .bss                c_w.l(libspace.o)
    0x20000fc8   0x00000200   Zero   RW            2    HEAP                startup_stm32f10x_md.o
    0x200011c8   0x00000400   Zero   RW            1    STACK               startup_stm32f10x_md.o


==============================================================================

Image component sizes


      Code (inc. data)   RO Data    RW Data    ZI Data      Debug   Object Name

       384          6          0          0          0       1311   adc.o
      1836        156          0          6          0     230074   app.o
       156          0          0          0          0       1082   base.o
        60          4          0          0          0        521   beep.o
       252         26          0          0          0      16107   bsp.o
       138          0          0          0          0        397   button.o
        36          6          0          0          0        576   cursor.o
        56          0          0          0          0     202136   delay.o
        72          0          0          0          0        363   edit.o
       116          4          0          0          0        718   exti.o
       708         30       1666         20          0       1731   keymap.o
      2244         44       1536         36          0       6832   lcd.o
       124         10          0          0          0        674   led.o
       156         52          0         10       1036        983   main.o
       324         60        113        164          0       1037   main_ui.o
       220         20          0          0          0       3093   misc.o
       100          4          0          0          0        696   motor.o
      3044        204        256         52       2572      19463   os_core.o
       164         32          0          0          0        212   os_cpu_a.o
       176          4          0          0          0      10792   os_cpu_c.o
         0          0          0          0          0       8218   os_flag.o
      1620         36          0          0          0       5449   os_q.o
      1016         20          0          0          0       3738   os_sem.o
      2324         78          0          0          0       7721   os_task.o
       456         26          0          0          0       1690   os_time.o
       172          4          0          0          0        391   prog.o
        64         26        236          0       1536        744   startup_stm32f10x_md.o
       284         10          0          0          0       4015   stm32f10x_exti.o
       856         40          0          0          0     206973   stm32f10x_gpio.o
       924         44          0         20          0       8440   stm32f10x_rcc.o
       456         36          0         20          0       1515   system_stm32f10x.o
        30          0          0          0          0        343   text.o
        48          0          0          0          0        371   title.o
      1112         18          0          2          0       4090   touch.o

    ----------------------------------------------------------------------
     19732       1000       3840        336       5144     752496   Object Totals
         0          0         32          0          0          0   (incl. Generated)
         4          0          1          6          0          0   (incl. Padding)

    ----------------------------------------------------------------------

      Code (inc. data)   RO Data    RW Data    ZI Data      Debug   Library Member Name

        90          0          0          0          0          0   __dczerorl2.o
         8          0          0          0          0         68   __main.o
        52          8          0          0          0          0   __scatter.o
        28          0          0          0          0          0   __scatter_zi.o
        12          0          0          0          0         72   exit.o
         6          0          0          0          0        152   heapauxi.o
         0          0          0          0          0          0   indicate_semi.o
         2          0          0          0          0          0   libinit.o
         2          0          0          0          0          0   libinit2.o
         2          0          0          0          0          0   libshutdown.o
         2          0          0          0          0          0   libshutdown2.o
         8          4          0          0         96         68   libspace.o
         0          0          0          0          0          0   rtentry.o
        12          0          0          0          0          0   rtentry2.o
         6          0          0          0          0          0   rtentry4.o
         2          0          0          0          0          0   rtexit.o
        10          0          0          0          0          0   rtexit2.o
        12          4          0          0          0         68   sys_exit.o
        74          0          0          0          0         80   sys_stackheap_outer.o
         2          0          0          0          0         68   use_no_semi.o
        24          0          0          0          0         68   dcmpi.o
       688        140          0          0          0        212   ddiv.o
       120          4          0          0          0         92   deqf.o
        90          4          0          0          0         92   dfixu.o
        84          0          0          0          0        136   dflt_clz.o
       120          4          0          0          0         92   dleqf.o
       340         12          0          0          0        104   dmul.o
       156          4          0          0          0         92   dnaninf.o
        12          0          0          0          0         68   dretinf.o
        86          4          0          0          0         84   f2d.o
        62          4          0          0          0         84   ffixu.o
        48          0          0          0          0         68   fflt_clz.o
       258          4          0          0          0         84   fmul.o
       140          4          0          0          0         84   fnaninf.o
        10          0          0          0          0         68   fretinf.o
         0          0          0          0          0          0   usenofp.o

    ----------------------------------------------------------------------
      2580        200          0          0         96       2004   Library Totals
        12          0          0          0          0          0   (incl. Padding)

    ----------------------------------------------------------------------

      Code (inc. data)   RO Data    RW Data    ZI Data      Debug   Library Name

       330         16          0          0         96        576   c_w.l
      2238        184          0          0          0       1428   fz_ws.l

    ----------------------------------------------------------------------
      2580        200          0          0         96       2004   Library Totals

    ----------------------------------------------------------------------

==============================================================================


      Code (inc. data)   RO Data    RW Data    ZI Data      Debug   

     22312       1200       3840        336       5240     751172   Grand Totals
     22312       1200       3840        184       5240     751172   ELF Image Totals (compressed)
     22312       1200       3840        184          0          0   ROM Totals

==============================================================================

    Total RO  Size (Code + RO Data)                26152 (  25.54kB)
    Total RW  Size (RW Data + ZI Data)              5576 (   5.45kB)
    Total ROM Size (Code + RO Data + RW Data)      26336 (  25.72kB)

==============================================================================

